// Vitest Snapshot v1, https://vitest.dev/guide/snapshot.html

exports[`recipe-gate drift tripwire — lifted gate constants > evidence-floor policy is stable (distinct-file floors + scope-escape) 1`] = `
{
  "factFiles": 1,
  "ruleFiles": 3,
  "scopeEscapeFlags": "",
  "scopeEscapeSource": "\\b(single-file|file-local|local-only|narrow)\\b",
}
`;

exports[`recipe-gate drift tripwire — lifted gate constants > imperative verb allowlist is stable (positive + negative Sets) 1`] = `
{
  "negative": [
    "avoid",
    "block",
    "do",
    "exclude",
    "forbid",
    "keep",
    "omit",
    "prevent",
    "reject",
    "remove",
    "skip",
    "stop",
  ],
  "negativeCount": 12,
  "positive": [
    "add",
    "align",
    "bind",
    "build",
    "call",
    "check",
    "cite",
    "collect",
    "compare",
    "configure",
    "copy",
    "create",
    "derive",
    "dispatch",
    "ensure",
    "expose",
    "fetch",
    "follow",
    "guard",
    "handle",
    "include",
    "inject",
    "keep",
    "load",
    "map",
    "normalize",
    "pass",
    "prefer",
    "preserve",
    "query",
    "read",
    "record",
    "reject",
    "require",
    "resolve",
    "return",
    "route",
    "run",
    "select",
    "store",
    "submit",
    "update",
    "use",
    "validate",
    "write",
  ],
  "positiveCount": 45,
}
`;
